app/admin/page.tsx(258,39): error TS7006: Parameter 'p' implicitly has an 'any' type.
app/admin/page.tsx(734,51): error TS7006: Parameter 'p' implicitly has an 'any' type.
app/admin/page.tsx(762,73): error TS7006: Parameter 'p' implicitly has an 'any' type.
app/admin/page.tsx(763,59): error TS7006: Parameter 'a' implicitly has an 'any' type.
app/admin/page.tsx(763,62): error TS7006: Parameter 'p' implicitly has an 'any' type.
app/admin/page.tsx(764,59): error TS7006: Parameter 'a' implicitly has an 'any' type.
app/admin/page.tsx(764,62): error TS7006: Parameter 'p' implicitly has an 'any' type.
app/admin/page.tsx(765,59): error TS7006: Parameter 'a' implicitly has an 'any' type.
app/admin/page.tsx(765,62): error TS7006: Parameter 'p' implicitly has an 'any' type.
app/admin/page.tsx(766,59): error TS7006: Parameter 'a' implicitly has an 'any' type.
app/admin/page.tsx(766,62): error TS7006: Parameter 'p' implicitly has an 'any' type.
app/admin/page.tsx(767,58): error TS7006: Parameter 'p' implicitly has an 'any' type.
app/admin/page.tsx(825,39): error TS7006: Parameter 'p' implicitly has an 'any' type.
app/admin/page.tsx(825,42): error TS7006: Parameter 'idx' implicitly has an 'any' type.
app/admin/page.tsx(857,38): error TS7006: Parameter 'p' implicitly has an 'any' type.
app/admin/page.tsx(1128,58): error TS7006: Parameter 'p' implicitly has an 'any' type.
app/admin/page.tsx(1135,66): error TS7006: Parameter 'p' implicitly has an 'any' type.
app/admin/page.tsx(1135,108): error TS7006: Parameter 'p' implicitly has an 'any' type.
app/admin/page.tsx(1147,66): error TS7006: Parameter 'p' implicitly has an 'any' type.
app/admin/page.tsx(1147,162): error TS7006: Parameter 'p' implicitly has an 'any' type.
app/admin/page.tsx(1159,66): error TS7006: Parameter 'p' implicitly has an 'any' type.
app/admin/page.tsx(1159,107): error TS7006: Parameter 'p' implicitly has an 'any' type.
app/admin/page.tsx(1192,75): error TS7006: Parameter 'p' implicitly has an 'any' type.
app/admin/page.tsx(1265,75): error TS7006: Parameter 'p' implicitly has an 'any' type.
app/admin/page.tsx(1528,112): error TS7006: Parameter 'a' implicitly has an 'any' type.
app/admin/page.tsx(1528,147): error TS7006: Parameter 'a' implicitly has an 'any' type.
app/admin/page.tsx(1529,113): error TS7006: Parameter 'u' implicitly has an 'any' type.
app/admin/page.tsx(1845,55): error TS7006: Parameter 'p' implicitly has an 'any' type.
app/admin/page.tsx(1879,60): error TS7006: Parameter 'p' implicitly has an 'any' type.
app/admin/page.tsx(1885,95): error TS7006: Parameter 'p' implicitly has an 'any' type.
app/admin/page.tsx(1891,84): error TS7006: Parameter 'p' implicitly has an 'any' type.
app/admin/page.tsx(1900,72): error TS7006: Parameter 'a' implicitly has an 'any' type.
app/admin/page.tsx(1901,75): error TS7006: Parameter 'a' implicitly has an 'any' type.
app/admin/page.tsx(1901,119): error TS7006: Parameter 'a' implicitly has an 'any' type.
app/admin/page.tsx(1901,122): error TS7006: Parameter 'i' implicitly has an 'any' type.
app/admin/page.tsx(1902,74): error TS7006: Parameter 'user' implicitly has an 'any' type.
app/admin/page.tsx(1966,120): error TS7006: Parameter 'p' implicitly has an 'any' type.
app/admin/page.tsx(1978,73): error TS7006: Parameter 'acc' implicitly has an 'any' type.
app/admin/page.tsx(1978,78): error TS7006: Parameter 'p' implicitly has an 'any' type.
app/admin/page.tsx(1995,85): error TS7006: Parameter 'p' implicitly has an 'any' type.
app/admin/page.tsx(2070,43): error TS7006: Parameter 'u' implicitly has an 'any' type.
app/admin/page.tsx(2070,73): error TS7006: Parameter 'admin' implicitly has an 'any' type.
app/admin/page.tsx(2101,74): error TS7006: Parameter 'w' implicitly has an 'any' type.
app/admin/page.tsx(2232,52): error TS7006: Parameter 'proj' implicitly has an 'any' type.
app/admin/page.tsx(2496,51): error TS7006: Parameter 'u' implicitly has an 'any' type.
app/admin/page.tsx(2496,82): error TS7006: Parameter 'u' implicitly has an 'any' type.
app/admin/page.tsx(2718,43): error TS7006: Parameter 'u' implicitly has an 'any' type.
app/admin/page.tsx(2718,95): error TS7006: Parameter 'a' implicitly has an 'any' type.
app/admin/page.tsx(2718,165): error TS7006: Parameter 'squadMember' implicitly has an 'any' type.
app/admin/page.tsx(2740,43): error TS7006: Parameter 'u' implicitly has an 'any' type.
app/admin/page.tsx(2740,73): error TS7006: Parameter 'a' implicitly has an 'any' type.
app/admin/page.tsx(2760,43): error TS7006: Parameter 'u' implicitly has an 'any' type.
app/admin/page.tsx(2760,73): error TS7006: Parameter 'client' implicitly has an 'any' type.
app/admin/page.tsx(2782,43): error TS7006: Parameter 'u' implicitly has an 'any' type.
app/admin/page.tsx(2801,45): error TS7006: Parameter 'u' implicitly has an 'any' type.
